// Jest Snapshot v1, https://goo.gl/fbAQLP

exports[`Collections Content API Can request a collection by slug and id 1: [body] 1`] = `
Object {
  "collections": Array [
    Object {
      "created_at": StringMatching /\\\\d\\{4\\}-\\\\d\\{2\\}-\\\\d\\{2\\}T\\\\d\\{2\\}:\\\\d\\{2\\}:\\\\d\\{2\\}\\\\\\.000Z/,
      "description": "Featured posts",
      "feature_image": null,
      "filter": "featured:true",
      "id": StringMatching /\\[a-f0-9\\]\\{24\\}/,
      "slug": "featured",
      "title": "Featured",
      "type": "automatic",
      "updated_at": StringMatching /\\\\d\\{4\\}-\\\\d\\{2\\}-\\\\d\\{2\\}T\\\\d\\{2\\}:\\\\d\\{2\\}:\\\\d\\{2\\}\\\\\\.000Z/,
    },
  ],
}
`;

exports[`Collections Content API Can request a collection by slug and id 2: [body] 1`] = `
Object {
  "collections": Array [
    Object {
      "created_at": StringMatching /\\\\d\\{4\\}-\\\\d\\{2\\}-\\\\d\\{2\\}T\\\\d\\{2\\}:\\\\d\\{2\\}:\\\\d\\{2\\}\\\\\\.000Z/,
      "description": "Featured posts",
      "feature_image": null,
      "filter": "featured:true",
      "id": StringMatching /\\[a-f0-9\\]\\{24\\}/,
      "slug": "featured",
      "title": "Featured",
      "type": "automatic",
      "updated_at": StringMatching /\\\\d\\{4\\}-\\\\d\\{2\\}-\\\\d\\{2\\}T\\\\d\\{2\\}:\\\\d\\{2\\}:\\\\d\\{2\\}\\\\\\.000Z/,
    },
  ],
}
`;
